2026-08-27 22:41:26 [main] INFO  c.e.s.StudentApiApplicationTests [] - Starting StudentApiApplicationTests using Java 17.0.12 with PID 23708 (started by itsme in C:\Users\itsme\Downloads\student-api\student-api)
2026-08-27 22:41:26 [main] INFO  c.e.s.StudentApiApplicationTests [] - No active profile set, falling back to 1 default profile: "default"
2026-08-27 22:41:27 [main] INFO  o.s.d.r.c.RepositoryConfigurationDelegate [] - Bootstrapping Spring Data JPA repositories in DEFAULT mode.
2026-08-27 22:41:27 [main] INFO  o.s.d.r.c.RepositoryConfigurationDelegate [] - Finished Spring Data repository scanning in 111 ms. Found 3 JPA repository interfaces.
2026-08-27 22:41:29 [main] INFO  com.zaxxer.hikari.HikariDataSource [] - HikariPool-1 - Starting...
2026-08-27 22:41:29 [main] INFO  com.zaxxer.hikari.pool.HikariPool [] - HikariPool-1 - Added connection org.postgresql.jdbc.PgConnection@5c5a91b4
2026-08-27 22:41:29 [main] INFO  com.zaxxer.hikari.HikariDataSource [] - HikariPool-1 - Start completed.
2026-08-27 22:41:29 [main] WARN  org.hibernate.orm.deprecation [] - HHH90000025: PostgreSQLDialect does not need to be specified explicitly using 'hibernate.dialect' (remove the property setting and it will be selected by default)
2026-08-27 22:41:30 [main] INFO  o.s.o.j.p.SpringPersistenceUnitInfo [] - No LoadTimeWeaver setup: ignoring JPA class transformer
2026-08-27 22:41:32 [main] INFO  o.s.o.j.LocalContainerEntityManagerFactoryBean [] - Initialized JPA EntityManagerFactory for persistence unit 'default'
2026-08-27 22:41:32 [main] INFO  o.s.d.j.r.query.QueryEnhancerFactory [] - Hibernate is in classpath; If applicable, HQL parser will be used.
2026-08-27 22:41:34 [main] WARN  o.s.b.a.o.j.JpaBaseConfiguration$JpaWebConfiguration [] - spring.jpa.open-in-view is enabled by default. Therefore, database queries may be performed during view rendering. Explicitly configure spring.jpa.open-in-view to disable this warning
2026-08-27 22:41:35 [main] INFO  c.e.s.StudentApiApplicationTests [] - Started StudentApiApplicationTests in 10.357 seconds (process running for 11.925)
2026-08-27 22:41:36 [SpringApplicationShutdownHook] INFO  o.s.o.j.LocalContainerEntityManagerFactoryBean [] - Closing JPA EntityManagerFactory for persistence unit 'default'
2026-08-27 22:41:36 [SpringApplicationShutdownHook] INFO  com.zaxxer.hikari.HikariDataSource [] - HikariPool-1 - Shutdown initiated...
2026-08-27 22:41:36 [SpringApplicationShutdownHook] INFO  com.zaxxer.hikari.HikariDataSource [] - HikariPool-1 - Shutdown completed.
2026-08-27 22:44:12 [main] INFO  c.e.s.StudentApiApplication [] - Starting StudentApiApplication using Java 23.0.2 with PID 28536 (C:\Users\itsme\Downloads\student-api\student-api\target\classes started by itsme in C:\Users\itsme\Downloads\student-api\student-api)
2026-08-27 22:44:12 [main] INFO  c.e.s.StudentApiApplication [] - No active profile set, falling back to 1 default profile: "default"
2026-08-27 22:44:13 [main] INFO  o.s.d.r.c.RepositoryConfigurationDelegate [] - Bootstrapping Spring Data JPA repositories in DEFAULT mode.
2026-08-27 22:44:13 [main] INFO  o.s.d.r.c.RepositoryConfigurationDelegate [] - Finished Spring Data repository scanning in 73 ms. Found 3 JPA repository interfaces.
2026-08-27 22:44:14 [main] INFO  o.s.b.w.e.tomcat.TomcatWebServer [] - Tomcat initialized with port 8080 (http)
2026-08-27 22:44:14 [main] INFO  o.a.coyote.http11.Http11NioProtocol [] - Initializing ProtocolHandler ["http-nio-8080"]
2026-08-27 22:44:14 [main] INFO  o.a.catalina.core.StandardService [] - Starting service [Tomcat]
2026-08-27 22:44:14 [main] INFO  o.a.catalina.core.StandardEngine [] - Starting Servlet engine: [Apache Tomcat/10.1.20]
2026-08-27 22:44:14 [main] INFO  o.a.c.c.C.[Tomcat].[localhost].[/] [] - Initializing Spring embedded WebApplicationContext
2026-08-27 22:44:14 [main] INFO  o.s.b.w.s.c.ServletWebServerApplicationContext [] - Root WebApplicationContext: initialization completed in 1789 ms
2026-08-27 22:44:15 [main] INFO  com.zaxxer.hikari.HikariDataSource [] - HikariPool-1 - Starting...
2026-08-27 22:44:15 [main] INFO  com.zaxxer.hikari.pool.HikariPool [] - HikariPool-1 - Added connection org.postgresql.jdbc.PgConnection@389a5022
2026-08-27 22:44:15 [main] INFO  com.zaxxer.hikari.HikariDataSource [] - HikariPool-1 - Start completed.
2026-08-27 22:44:15 [main] WARN  org.hibernate.orm.deprecation [] - HHH90000025: PostgreSQLDialect does not need to be specified explicitly using 'hibernate.dialect' (remove the property setting and it will be selected by default)
2026-08-27 22:44:15 [main] INFO  o.s.o.j.p.SpringPersistenceUnitInfo [] - No LoadTimeWeaver setup: ignoring JPA class transformer
2026-08-27 22:44:17 [main] INFO  o.s.o.j.LocalContainerEntityManagerFactoryBean [] - Initialized JPA EntityManagerFactory for persistence unit 'default'
2026-08-27 22:44:17 [main] INFO  o.s.d.j.r.query.QueryEnhancerFactory [] - Hibernate is in classpath; If applicable, HQL parser will be used.
2026-08-27 22:44:18 [main] WARN  o.s.b.a.o.j.JpaBaseConfiguration$JpaWebConfiguration [] - spring.jpa.open-in-view is enabled by default. Therefore, database queries may be performed during view rendering. Explicitly configure spring.jpa.open-in-view to disable this warning
2026-08-27 22:44:18 [main] INFO  o.a.coyote.http11.Http11NioProtocol [] - Starting ProtocolHandler ["http-nio-8080"]
2026-08-27 22:44:18 [main] INFO  o.s.b.w.e.tomcat.TomcatWebServer [] - Tomcat started on port 8080 (http) with context path ''
2026-08-27 22:44:18 [main] INFO  c.e.s.StudentApiApplication [] - Started StudentApiApplication in 7.098 seconds (process running for 7.879)
2026-08-27 22:44:31 [http-nio-8080-exec-1] INFO  o.a.c.c.C.[Tomcat].[localhost].[/] [] - Initializing Spring DispatcherServlet 'dispatcherServlet'
2026-08-27 22:44:33 [http-nio-8080-exec-9] INFO  o.s.api.AbstractOpenApiResource [7e5d1b0c] - Init duration for springdoc-openapi is: 707 ms
2026-08-27 22:45:14 [http-nio-8080-exec-10] DEBUG org.hibernate.SQL [bb212f7c] - 
    select
        a1_0.id,
        a1_0.email,
        a1_0.name 
    from
        authors a1_0 
    where
        a1_0.id=?
2026-08-27 22:45:14 [http-nio-8080-exec-10] WARN  c.e.s.e.GlobalExceptionHandler [bb212f7c] - Resource not found: Author not found with id 1
2026-08-27 22:45:39 [http-nio-8080-exec-3] DEBUG org.hibernate.SQL [5eb9ae04] - 
    select
        a1_0.id,
        a1_0.email,
        a1_0.name 
    from
        authors a1_0 
    where
        a1_0.id=?
2026-08-27 22:45:39 [http-nio-8080-exec-3] WARN  c.e.s.e.GlobalExceptionHandler [5eb9ae04] - Resource not found: Author not found with id 1
2026-08-27 22:45:49 [http-nio-8080-exec-4] DEBUG org.hibernate.SQL [59856a87] - 
    select
        a1_0.id,
        a1_0.email,
        a1_0.name 
    from
        authors a1_0 
    where
        a1_0.id=?
2026-08-27 22:45:49 [http-nio-8080-exec-4] WARN  c.e.s.e.GlobalExceptionHandler [59856a87] - Resource not found: Author not found with id 1
2026-08-27 22:46:48 [http-nio-8080-exec-8] DEBUG org.hibernate.SQL [d2c7a1cc] - 
    select
        a1_0.id,
        a1_0.email,
        a1_0.name 
    from
        authors a1_0 
    where
        a1_0.id=?
2026-08-27 22:46:48 [http-nio-8080-exec-8] WARN  c.e.s.e.GlobalExceptionHandler [d2c7a1cc] - Resource not found: Author not found with id 1
2026-08-27 23:02:05 [SpringApplicationShutdownHook] INFO  o.s.o.j.LocalContainerEntityManagerFactoryBean [] - Closing JPA EntityManagerFactory for persistence unit 'default'
2026-08-27 23:02:05 [SpringApplicationShutdownHook] INFO  com.zaxxer.hikari.HikariDataSource [] - HikariPool-1 - Shutdown initiated...
2026-08-27 23:02:05 [SpringApplicationShutdownHook] INFO  com.zaxxer.hikari.HikariDataSource [] - HikariPool-1 - Shutdown completed.
2026-08-27 23:02:10 [main] INFO  c.e.s.StudentApiApplication [] - Starting StudentApiApplication using Java 23.0.2 with PID 21020 (C:\Users\itsme\Downloads\student-api\student-api\target\classes started by itsme in C:\Users\itsme\Downloads\student-api\student-api)
2026-08-27 23:02:10 [main] INFO  c.e.s.StudentApiApplication [] - No active profile set, falling back to 1 default profile: "default"
2026-08-27 23:02:11 [main] INFO  o.s.d.r.c.RepositoryConfigurationDelegate [] - Bootstrapping Spring Data JPA repositories in DEFAULT mode.
2026-08-27 23:02:12 [main] INFO  o.s.d.r.c.RepositoryConfigurationDelegate [] - Finished Spring Data repository scanning in 74 ms. Found 3 JPA repository interfaces.
2026-08-27 23:02:12 [main] INFO  o.s.b.w.e.tomcat.TomcatWebServer [] - Tomcat initialized with port 8080 (http)
2026-08-27 23:02:12 [main] INFO  o.a.coyote.http11.Http11NioProtocol [] - Initializing ProtocolHandler ["http-nio-8080"]
2026-08-27 23:02:12 [main] INFO  o.a.catalina.core.StandardService [] - Starting service [Tomcat]
2026-08-27 23:02:12 [main] INFO  o.a.catalina.core.StandardEngine [] - Starting Servlet engine: [Apache Tomcat/10.1.20]
2026-08-27 23:02:12 [main] INFO  o.a.c.c.C.[Tomcat].[localhost].[/] [] - Initializing Spring embedded WebApplicationContext
2026-08-27 23:02:12 [main] INFO  o.s.b.w.s.c.ServletWebServerApplicationContext [] - Root WebApplicationContext: initialization completed in 1741 ms
2026-08-27 23:02:13 [main] INFO  com.zaxxer.hikari.HikariDataSource [] - HikariPool-1 - Starting...
2026-08-27 23:02:13 [main] INFO  com.zaxxer.hikari.pool.HikariPool [] - HikariPool-1 - Added connection org.postgresql.jdbc.PgConnection@41f964f9
2026-08-27 23:02:13 [main] INFO  com.zaxxer.hikari.HikariDataSource [] - HikariPool-1 - Start completed.
2026-08-27 23:02:13 [main] WARN  org.hibernate.orm.deprecation [] - HHH90000025: PostgreSQLDialect does not need to be specified explicitly using 'hibernate.dialect' (remove the property setting and it will be selected by default)
2026-08-27 23:02:13 [main] INFO  o.s.o.j.p.SpringPersistenceUnitInfo [] - No LoadTimeWeaver setup: ignoring JPA class transformer
2026-08-27 23:02:15 [main] INFO  o.s.o.j.LocalContainerEntityManagerFactoryBean [] - Initialized JPA EntityManagerFactory for persistence unit 'default'
2026-08-27 23:02:15 [main] INFO  o.s.d.j.r.query.QueryEnhancerFactory [] - Hibernate is in classpath; If applicable, HQL parser will be used.
2026-08-27 23:02:16 [main] WARN  o.s.b.a.o.j.JpaBaseConfiguration$JpaWebConfiguration [] - spring.jpa.open-in-view is enabled by default. Therefore, database queries may be performed during view rendering. Explicitly configure spring.jpa.open-in-view to disable this warning
2026-08-27 23:02:16 [main] INFO  o.a.coyote.http11.Http11NioProtocol [] - Starting ProtocolHandler ["http-nio-8080"]
2026-08-27 23:02:16 [main] INFO  o.s.b.w.e.tomcat.TomcatWebServer [] - Tomcat started on port 8080 (http) with context path ''
2026-08-27 23:02:16 [main] INFO  c.e.s.StudentApiApplication [] - Started StudentApiApplication in 6.677 seconds (process running for 7.303)
2026-08-27 23:04:20 [SpringApplicationShutdownHook] INFO  o.s.o.j.LocalContainerEntityManagerFactoryBean [] - Closing JPA EntityManagerFactory for persistence unit 'default'
2026-08-27 23:04:20 [SpringApplicationShutdownHook] INFO  com.zaxxer.hikari.HikariDataSource [] - HikariPool-1 - Shutdown initiated...
2026-08-27 23:04:20 [SpringApplicationShutdownHook] INFO  com.zaxxer.hikari.HikariDataSource [] - HikariPool-1 - Shutdown completed.
2026-08-27 23:04:25 [main] INFO  c.e.s.StudentApiApplication [] - Starting StudentApiApplication using Java 23.0.2 with PID 17336 (C:\Users\itsme\Downloads\student-api\student-api\target\classes started by itsme in C:\Users\itsme\Downloads\student-api\student-api)
2026-08-27 23:04:25 [main] INFO  c.e.s.StudentApiApplication [] - No active profile set, falling back to 1 default profile: "default"
2026-08-27 23:04:26 [main] INFO  o.s.d.r.c.RepositoryConfigurationDelegate [] - Bootstrapping Spring Data JPA repositories in DEFAULT mode.
2026-08-27 23:04:26 [main] INFO  o.s.d.r.c.RepositoryConfigurationDelegate [] - Finished Spring Data repository scanning in 75 ms. Found 3 JPA repository interfaces.
2026-08-27 23:04:27 [main] INFO  o.s.b.w.e.tomcat.TomcatWebServer [] - Tomcat initialized with port 8080 (http)
2026-08-27 23:04:27 [main] INFO  o.a.coyote.http11.Http11NioProtocol [] - Initializing ProtocolHandler ["http-nio-8080"]
2026-08-27 23:04:27 [main] INFO  o.a.catalina.core.StandardService [] - Starting service [Tomcat]
2026-08-27 23:04:27 [main] INFO  o.a.catalina.core.StandardEngine [] - Starting Servlet engine: [Apache Tomcat/10.1.20]
2026-08-27 23:04:27 [main] INFO  o.a.c.c.C.[Tomcat].[localhost].[/] [] - Initializing Spring embedded WebApplicationContext
2026-08-27 23:04:27 [main] INFO  o.s.b.w.s.c.ServletWebServerApplicationContext [] - Root WebApplicationContext: initialization completed in 1684 ms
2026-08-27 23:04:27 [main] INFO  com.zaxxer.hikari.HikariDataSource [] - HikariPool-1 - Starting...
2026-08-27 23:04:28 [main] INFO  com.zaxxer.hikari.pool.HikariPool [] - HikariPool-1 - Added connection org.postgresql.jdbc.PgConnection@bb8ead8
2026-08-27 23:04:28 [main] INFO  com.zaxxer.hikari.HikariDataSource [] - HikariPool-1 - Start completed.
2026-08-27 23:04:28 [main] WARN  org.hibernate.orm.deprecation [] - HHH90000025: PostgreSQLDialect does not need to be specified explicitly using 'hibernate.dialect' (remove the property setting and it will be selected by default)
2026-08-27 23:04:28 [main] INFO  o.s.o.j.p.SpringPersistenceUnitInfo [] - No LoadTimeWeaver setup: ignoring JPA class transformer
2026-08-27 23:04:29 [main] INFO  o.s.o.j.LocalContainerEntityManagerFactoryBean [] - Initialized JPA EntityManagerFactory for persistence unit 'default'
2026-08-27 23:04:30 [main] INFO  o.s.d.j.r.query.QueryEnhancerFactory [] - Hibernate is in classpath; If applicable, HQL parser will be used.
2026-08-27 23:04:30 [main] WARN  o.s.b.a.o.j.JpaBaseConfiguration$JpaWebConfiguration [] - spring.jpa.open-in-view is enabled by default. Therefore, database queries may be performed during view rendering. Explicitly configure spring.jpa.open-in-view to disable this warning
2026-08-27 23:04:31 [main] INFO  o.a.coyote.http11.Http11NioProtocol [] - Starting ProtocolHandler ["http-nio-8080"]
2026-08-27 23:04:31 [main] INFO  o.s.b.w.e.tomcat.TomcatWebServer [] - Tomcat started on port 8080 (http) with context path ''
2026-08-27 23:04:31 [main] INFO  c.e.s.StudentApiApplication [] - Started StudentApiApplication in 6.576 seconds (process running for 7.138)
2026-08-27 23:04:40 [http-nio-8080-exec-1] INFO  o.a.c.c.C.[Tomcat].[localhost].[/] [] - Initializing Spring DispatcherServlet 'dispatcherServlet'
2026-08-27 23:04:41 [http-nio-8080-exec-4] INFO  o.s.api.AbstractOpenApiResource [5d725c00] - Init duration for springdoc-openapi is: 638 ms
2026-08-27 23:05:04 [http-nio-8080-exec-5] DEBUG org.hibernate.SQL [7ebe1a20] - 
    select
        a1_0.id,
        a1_0.email,
        a1_0.name 
    from
        authors a1_0 
    where
        a1_0.id=?
2026-08-27 23:05:04 [http-nio-8080-exec-5] WARN  c.e.s.e.GlobalExceptionHandler [7ebe1a20] - Resource not found: Author not found with id 2
2026-08-27 23:05:12 [http-nio-8080-exec-6] DEBUG org.hibernate.SQL [105aaca6] - 
    select
        a1_0.id,
        a1_0.email,
        a1_0.name 
    from
        authors a1_0 
    where
        a1_0.id=?
2026-08-27 23:05:12 [http-nio-8080-exec-6] WARN  c.e.s.e.GlobalExceptionHandler [105aaca6] - Resource not found: Author not found with id 2
2026-08-27 23:05:36 [SpringApplicationShutdownHook] INFO  o.s.o.j.LocalContainerEntityManagerFactoryBean [] - Closing JPA EntityManagerFactory for persistence unit 'default'
2026-08-27 23:05:36 [SpringApplicationShutdownHook] INFO  com.zaxxer.hikari.HikariDataSource [] - HikariPool-1 - Shutdown initiated...
2026-08-27 23:05:36 [SpringApplicationShutdownHook] INFO  com.zaxxer.hikari.HikariDataSource [] - HikariPool-1 - Shutdown completed.
2026-08-27 23:05:42 [main] INFO  c.e.s.StudentApiApplication [] - Starting StudentApiApplication using Java 23.0.2 with PID 23308 (C:\Users\itsme\Downloads\student-api\student-api\target\classes started by itsme in C:\Users\itsme\Downloads\student-api\student-api)
2026-08-27 23:05:42 [main] INFO  c.e.s.StudentApiApplication [] - No active profile set, falling back to 1 default profile: "default"
2026-08-27 23:05:43 [main] INFO  o.s.d.r.c.RepositoryConfigurationDelegate [] - Bootstrapping Spring Data JPA repositories in DEFAULT mode.
2026-08-27 23:05:43 [main] INFO  o.s.d.r.c.RepositoryConfigurationDelegate [] - Finished Spring Data repository scanning in 109 ms. Found 3 JPA repository interfaces.
2026-08-27 23:05:43 [main] INFO  o.s.b.w.e.tomcat.TomcatWebServer [] - Tomcat initialized with port 8080 (http)
2026-08-27 23:05:44 [main] INFO  o.a.coyote.http11.Http11NioProtocol [] - Initializing ProtocolHandler ["http-nio-8080"]
2026-08-27 23:05:44 [main] INFO  o.a.catalina.core.StandardService [] - Starting service [Tomcat]
2026-08-27 23:05:44 [main] INFO  o.a.catalina.core.StandardEngine [] - Starting Servlet engine: [Apache Tomcat/10.1.20]
2026-08-27 23:05:44 [main] INFO  o.a.c.c.C.[Tomcat].[localhost].[/] [] - Initializing Spring embedded WebApplicationContext
2026-08-27 23:05:44 [main] INFO  o.s.b.w.s.c.ServletWebServerApplicationContext [] - Root WebApplicationContext: initialization completed in 1967 ms
2026-08-27 23:05:44 [main] INFO  com.zaxxer.hikari.HikariDataSource [] - HikariPool-1 - Starting...
2026-08-27 23:05:44 [main] INFO  com.zaxxer.hikari.pool.HikariPool [] - HikariPool-1 - Added connection org.postgresql.jdbc.PgConnection@389a5022
2026-08-27 23:05:44 [main] INFO  com.zaxxer.hikari.HikariDataSource [] - HikariPool-1 - Start completed.
2026-08-27 23:05:44 [main] WARN  org.hibernate.orm.deprecation [] - HHH90000025: PostgreSQLDialect does not need to be specified explicitly using 'hibernate.dialect' (remove the property setting and it will be selected by default)
2026-08-27 23:05:45 [main] INFO  o.s.o.j.p.SpringPersistenceUnitInfo [] - No LoadTimeWeaver setup: ignoring JPA class transformer
2026-08-27 23:05:46 [main] INFO  o.s.o.j.LocalContainerEntityManagerFactoryBean [] - Initialized JPA EntityManagerFactory for persistence unit 'default'
2026-08-27 23:05:47 [main] INFO  o.s.d.j.r.query.QueryEnhancerFactory [] - Hibernate is in classpath; If applicable, HQL parser will be used.
2026-08-27 23:05:47 [main] WARN  o.s.b.a.o.j.JpaBaseConfiguration$JpaWebConfiguration [] - spring.jpa.open-in-view is enabled by default. Therefore, database queries may be performed during view rendering. Explicitly configure spring.jpa.open-in-view to disable this warning
2026-08-27 23:05:48 [main] INFO  o.a.coyote.http11.Http11NioProtocol [] - Starting ProtocolHandler ["http-nio-8080"]
2026-08-27 23:05:48 [main] INFO  o.s.b.w.e.tomcat.TomcatWebServer [] - Tomcat started on port 8080 (http) with context path ''
2026-08-27 23:05:48 [main] INFO  c.e.s.StudentApiApplication [] - Started StudentApiApplication in 7.201 seconds (process running for 7.781)
2026-08-27 23:06:02 [SpringApplicationShutdownHook] INFO  o.s.o.j.LocalContainerEntityManagerFactoryBean [] - Closing JPA EntityManagerFactory for persistence unit 'default'
2026-08-27 23:06:02 [SpringApplicationShutdownHook] INFO  com.zaxxer.hikari.HikariDataSource [] - HikariPool-1 - Shutdown initiated...
2026-08-27 23:06:02 [SpringApplicationShutdownHook] INFO  com.zaxxer.hikari.HikariDataSource [] - HikariPool-1 - Shutdown completed.
2026-08-27 23:06:08 [main] INFO  c.e.s.StudentApiApplication [] - Starting StudentApiApplication using Java 23.0.2 with PID 29940 (C:\Users\itsme\Downloads\student-api\student-api\target\classes started by itsme in C:\Users\itsme\Downloads\student-api\student-api)
2026-08-27 23:06:08 [main] INFO  c.e.s.StudentApiApplication [] - No active profile set, falling back to 1 default profile: "default"
2026-08-27 23:06:09 [main] INFO  o.s.d.r.c.RepositoryConfigurationDelegate [] - Bootstrapping Spring Data JPA repositories in DEFAULT mode.
2026-08-27 23:06:09 [main] INFO  o.s.d.r.c.RepositoryConfigurationDelegate [] - Finished Spring Data repository scanning in 78 ms. Found 3 JPA repository interfaces.
2026-08-27 23:06:10 [main] INFO  o.s.b.w.e.tomcat.TomcatWebServer [] - Tomcat initialized with port 8080 (http)
2026-08-27 23:06:10 [main] INFO  o.a.coyote.http11.Http11NioProtocol [] - Initializing ProtocolHandler ["http-nio-8080"]
2026-08-27 23:06:10 [main] INFO  o.a.catalina.core.StandardService [] - Starting service [Tomcat]
2026-08-27 23:06:10 [main] INFO  o.a.catalina.core.StandardEngine [] - Starting Servlet engine: [Apache Tomcat/10.1.20]
2026-08-27 23:06:10 [main] INFO  o.a.c.c.C.[Tomcat].[localhost].[/] [] - Initializing Spring embedded WebApplicationContext
2026-08-27 23:06:10 [main] INFO  o.s.b.w.s.c.ServletWebServerApplicationContext [] - Root WebApplicationContext: initialization completed in 1849 ms
2026-08-27 23:06:11 [main] INFO  com.zaxxer.hikari.HikariDataSource [] - HikariPool-1 - Starting...
2026-08-27 23:06:11 [main] INFO  com.zaxxer.hikari.pool.HikariPool [] - HikariPool-1 - Added connection org.postgresql.jdbc.PgConnection@203b953c
2026-08-27 23:06:11 [main] INFO  com.zaxxer.hikari.HikariDataSource [] - HikariPool-1 - Start completed.
2026-08-27 23:06:11 [main] WARN  org.hibernate.orm.deprecation [] - HHH90000025: PostgreSQLDialect does not need to be specified explicitly using 'hibernate.dialect' (remove the property setting and it will be selected by default)
2026-08-27 23:06:11 [main] INFO  o.s.o.j.p.SpringPersistenceUnitInfo [] - No LoadTimeWeaver setup: ignoring JPA class transformer
2026-08-27 23:06:13 [main] INFO  o.s.o.j.LocalContainerEntityManagerFactoryBean [] - Initialized JPA EntityManagerFactory for persistence unit 'default'
2026-08-27 23:06:13 [main] INFO  o.s.d.j.r.query.QueryEnhancerFactory [] - Hibernate is in classpath; If applicable, HQL parser will be used.
2026-08-27 23:06:14 [main] WARN  o.s.b.a.o.j.JpaBaseConfiguration$JpaWebConfiguration [] - spring.jpa.open-in-view is enabled by default. Therefore, database queries may be performed during view rendering. Explicitly configure spring.jpa.open-in-view to disable this warning
2026-08-27 23:06:14 [main] INFO  o.a.coyote.http11.Http11NioProtocol [] - Starting ProtocolHandler ["http-nio-8080"]
2026-08-27 23:06:15 [main] INFO  o.s.b.w.e.tomcat.TomcatWebServer [] - Tomcat started on port 8080 (http) with context path ''
2026-08-27 23:06:15 [main] INFO  c.e.s.StudentApiApplication [] - Started StudentApiApplication in 7.081 seconds (process running for 7.736)
2026-08-27 23:06:54 [http-nio-8080-exec-1] INFO  o.a.c.c.C.[Tomcat].[localhost].[/] [] - Initializing Spring DispatcherServlet 'dispatcherServlet'
2026-08-27 23:06:54 [http-nio-8080-exec-1] DEBUG org.hibernate.SQL [e0c04cf6] - 
    select
        a1_0.id,
        a1_0.email,
        a1_0.name 
    from
        authors a1_0 
    where
        a1_0.id=?
2026-08-27 23:06:54 [http-nio-8080-exec-1] WARN  c.e.s.e.GlobalExceptionHandler [e0c04cf6] - Resource not found: Author not found with id 1
2026-08-27 23:07:18 [http-nio-8080-exec-6] INFO  o.s.api.AbstractOpenApiResource [f88f57f6] - Init duration for springdoc-openapi is: 679 ms
2026-08-27 23:07:34 [http-nio-8080-exec-8] DEBUG org.hibernate.SQL [ec3971d3] - 
    select
        a1_0.id,
        a1_0.email,
        a1_0.name 
    from
        authors a1_0 
    where
        a1_0.id=?
2026-08-27 23:07:34 [http-nio-8080-exec-8] WARN  c.e.s.e.GlobalExceptionHandler [ec3971d3] - Resource not found: Author not found with id 1
2026-08-27 23:07:44 [http-nio-8080-exec-7] DEBUG org.hibernate.SQL [be9c95f8] - 
    select
        a1_0.id,
        a1_0.email,
        a1_0.name 
    from
        authors a1_0 
    where
        a1_0.id=?
2026-08-27 23:07:44 [http-nio-8080-exec-7] WARN  c.e.s.e.GlobalExceptionHandler [be9c95f8] - Resource not found: Author not found with id 2
2026-08-27 23:08:47 [http-nio-8080-exec-1] DEBUG org.hibernate.SQL [f301c816] - 
    select
        a1_0.id,
        a1_0.email,
        a1_0.name 
    from
        authors a1_0 
    where
        a1_0.id=?
2026-08-27 23:08:47 [http-nio-8080-exec-1] WARN  c.e.s.e.GlobalExceptionHandler [f301c816] - Resource not found: Author not found with id 3
2026-08-27 23:10:22 [http-nio-8080-exec-3] DEBUG org.hibernate.SQL [45bb9709] - 
    select
        a1_0.id,
        a1_0.email,
        a1_0.name 
    from
        authors a1_0 
    where
        a1_0.id=?
2026-08-27 23:10:22 [http-nio-8080-exec-3] WARN  c.e.s.e.GlobalExceptionHandler [45bb9709] - Resource not found: Author not found with id 1
2026-08-27 23:14:36 [SpringApplicationShutdownHook] INFO  o.s.o.j.LocalContainerEntityManagerFactoryBean [] - Closing JPA EntityManagerFactory for persistence unit 'default'
2026-08-27 23:14:36 [SpringApplicationShutdownHook] INFO  com.zaxxer.hikari.HikariDataSource [] - HikariPool-1 - Shutdown initiated...
2026-08-27 23:14:36 [SpringApplicationShutdownHook] INFO  com.zaxxer.hikari.HikariDataSource [] - HikariPool-1 - Shutdown completed.
2026-08-27 23:14:41 [main] INFO  c.e.s.StudentApiApplication [] - Starting StudentApiApplication using Java 23.0.2 with PID 23920 (C:\Users\itsme\Downloads\student-api\student-api\target\classes started by itsme in C:\Users\itsme\Downloads\student-api\student-api)
2026-08-27 23:14:41 [main] INFO  c.e.s.StudentApiApplication [] - No active profile set, falling back to 1 default profile: "default"
2026-08-27 23:14:42 [main] INFO  o.s.d.r.c.RepositoryConfigurationDelegate [] - Bootstrapping Spring Data JPA repositories in DEFAULT mode.
2026-08-27 23:14:42 [main] INFO  o.s.d.r.c.RepositoryConfigurationDelegate [] - Finished Spring Data repository scanning in 74 ms. Found 3 JPA repository interfaces.
2026-08-27 23:14:43 [main] INFO  o.s.b.w.e.tomcat.TomcatWebServer [] - Tomcat initialized with port 8080 (http)
2026-08-27 23:14:43 [main] INFO  o.a.coyote.http11.Http11NioProtocol [] - Initializing ProtocolHandler ["http-nio-8080"]
2026-08-27 23:14:43 [main] INFO  o.a.catalina.core.StandardService [] - Starting service [Tomcat]
2026-08-27 23:14:43 [main] INFO  o.a.catalina.core.StandardEngine [] - Starting Servlet engine: [Apache Tomcat/10.1.20]
2026-08-27 23:14:43 [main] INFO  o.a.c.c.C.[Tomcat].[localhost].[/] [] - Initializing Spring embedded WebApplicationContext
2026-08-27 23:14:43 [main] INFO  o.s.b.w.s.c.ServletWebServerApplicationContext [] - Root WebApplicationContext: initialization completed in 1743 ms
2026-08-27 23:14:43 [main] INFO  com.zaxxer.hikari.HikariDataSource [] - HikariPool-1 - Starting...
2026-08-27 23:14:44 [main] INFO  com.zaxxer.hikari.pool.HikariPool [] - HikariPool-1 - Added connection org.postgresql.jdbc.PgConnection@684372d0
2026-08-27 23:14:44 [main] INFO  com.zaxxer.hikari.HikariDataSource [] - HikariPool-1 - Start completed.
2026-08-27 23:14:44 [main] WARN  org.hibernate.orm.deprecation [] - HHH90000025: PostgreSQLDialect does not need to be specified explicitly using 'hibernate.dialect' (remove the property setting and it will be selected by default)
2026-08-27 23:14:44 [main] INFO  o.s.o.j.p.SpringPersistenceUnitInfo [] - No LoadTimeWeaver setup: ignoring JPA class transformer
2026-08-27 23:14:45 [main] INFO  o.s.o.j.LocalContainerEntityManagerFactoryBean [] - Initialized JPA EntityManagerFactory for persistence unit 'default'
2026-08-27 23:14:46 [main] INFO  o.s.d.j.r.query.QueryEnhancerFactory [] - Hibernate is in classpath; If applicable, HQL parser will be used.
2026-08-27 23:14:47 [main] WARN  o.s.b.a.o.j.JpaBaseConfiguration$JpaWebConfiguration [] - spring.jpa.open-in-view is enabled by default. Therefore, database queries may be performed during view rendering. Explicitly configure spring.jpa.open-in-view to disable this warning
2026-08-27 23:14:47 [main] INFO  o.a.coyote.http11.Http11NioProtocol [] - Starting ProtocolHandler ["http-nio-8080"]
2026-08-27 23:14:47 [main] INFO  o.s.b.w.e.tomcat.TomcatWebServer [] - Tomcat started on port 8080 (http) with context path ''
2026-08-27 23:14:47 [main] INFO  c.e.s.StudentApiApplication [] - Started StudentApiApplication in 6.731 seconds (process running for 7.344)
2026-08-27 23:16:02 [http-nio-8080-exec-1] INFO  o.a.c.c.C.[Tomcat].[localhost].[/] [] - Initializing Spring DispatcherServlet 'dispatcherServlet'
2026-08-27 23:16:03 [http-nio-8080-exec-6] INFO  o.s.api.AbstractOpenApiResource [1a59b7ed] - Init duration for springdoc-openapi is: 655 ms
2026-08-27 23:16:34 [http-nio-8080-exec-7] DEBUG org.hibernate.SQL [8c85cf92] - 
    select
        a1_0.id,
        a1_0.email,
        a1_0.name 
    from
        authors a1_0 
    where
        a1_0.id=?
2026-08-27 23:16:34 [http-nio-8080-exec-7] WARN  c.e.s.e.GlobalExceptionHandler [8c85cf92] - Resource not found: Author not found with id 1
2026-08-27 23:16:42 [http-nio-8080-exec-10] DEBUG org.hibernate.SQL [3db9525c] - 
    select
        a1_0.id,
        a1_0.email,
        a1_0.name 
    from
        authors a1_0 
    where
        a1_0.id=?
2026-08-27 23:16:42 [http-nio-8080-exec-10] WARN  c.e.s.e.GlobalExceptionHandler [3db9525c] - Resource not found: Author not found with id 1
2026-08-27 23:21:41 [http-nio-8080-exec-9] DEBUG org.hibernate.SQL [07d958c0] - 
    select
        a1_0.id,
        a1_0.email,
        a1_0.name 
    from
        authors a1_0 
    where
        a1_0.id=?
2026-08-27 23:21:41 [http-nio-8080-exec-9] DEBUG org.hibernate.SQL [07d958c0] - 
    select
        b1_0.author_id,
        b1_0.id,
        b1_0.isbn,
        b1_0.title 
    from
        books b1_0 
    where
        b1_0.author_id=?
2026-08-27 23:21:41 [http-nio-8080-exec-9] INFO  c.e.s.service.AuthorServiceImpl [07d958c0] - fetched author George R. R. Martin with 1 books
