2026-09-15 21:14:55 [main] INFO  c.e.s.StudentApiApplicationTests [] - Starting StudentApiApplicationTests using Java 17.0.12 with PID 31796 (started by itsme in C:\Users\itsme\Downloads\student-api\student-api)
2026-09-15 21:14:55 [main] INFO  c.e.s.StudentApiApplicationTests [] - No active profile set, falling back to 1 default profile: "default"
2026-09-15 21:14:56 [main] INFO  o.s.d.r.c.RepositoryConfigurationDelegate [] - Bootstrapping Spring Data JPA repositories in DEFAULT mode.
2026-09-15 21:14:57 [main] INFO  o.s.d.r.c.RepositoryConfigurationDelegate [] - Finished Spring Data repository scanning in 141 ms. Found 6 JPA repository interfaces.
2026-09-15 21:14:58 [main] INFO  com.zaxxer.hikari.HikariDataSource [] - HikariPool-1 - Starting...
2026-09-15 21:14:59 [main] INFO  com.zaxxer.hikari.pool.HikariPool [] - HikariPool-1 - Added connection org.postgresql.jdbc.PgConnection@3f357c9d
2026-09-15 21:14:59 [main] INFO  com.zaxxer.hikari.HikariDataSource [] - HikariPool-1 - Start completed.
2026-09-15 21:14:59 [main] WARN  org.hibernate.orm.deprecation [] - HHH90000025: PostgreSQLDialect does not need to be specified explicitly using 'hibernate.dialect' (remove the property setting and it will be selected by default)
2026-09-15 21:14:59 [main] INFO  o.s.o.j.p.SpringPersistenceUnitInfo [] - No LoadTimeWeaver setup: ignoring JPA class transformer
2026-09-15 21:15:01 [main] INFO  o.s.o.j.LocalContainerEntityManagerFactoryBean [] - Initialized JPA EntityManagerFactory for persistence unit 'default'
2026-09-15 21:15:02 [main] INFO  o.s.d.j.r.query.QueryEnhancerFactory [] - Hibernate is in classpath; If applicable, HQL parser will be used.
2026-09-15 21:15:04 [main] WARN  o.s.b.a.o.j.JpaBaseConfiguration$JpaWebConfiguration [] - spring.jpa.open-in-view is enabled by default. Therefore, database queries may be performed during view rendering. Explicitly configure spring.jpa.open-in-view to disable this warning
2026-09-15 21:15:05 [main] INFO  c.e.s.StudentApiApplicationTests [] - Started StudentApiApplicationTests in 10.8 seconds (process running for 12.6)
2026-09-15 21:15:06 [SpringApplicationShutdownHook] INFO  o.s.o.j.LocalContainerEntityManagerFactoryBean [] - Closing JPA EntityManagerFactory for persistence unit 'default'
2026-09-15 21:15:06 [SpringApplicationShutdownHook] INFO  com.zaxxer.hikari.HikariDataSource [] - HikariPool-1 - Shutdown initiated...
2026-09-15 21:15:06 [SpringApplicationShutdownHook] INFO  com.zaxxer.hikari.HikariDataSource [] - HikariPool-1 - Shutdown completed.
2026-09-15 22:31:33 [main] INFO  c.e.s.StudentApiApplicationTests [] - Starting StudentApiApplicationTests using Java 17.0.12 with PID 10536 (started by itsme in C:\Users\itsme\Downloads\student-api\student-api)
2026-09-15 22:31:33 [main] INFO  c.e.s.StudentApiApplicationTests [] - No active profile set, falling back to 1 default profile: "default"
2026-09-15 22:31:35 [main] INFO  o.s.d.r.c.RepositoryConfigurationDelegate [] - Bootstrapping Spring Data JPA repositories in DEFAULT mode.
2026-09-15 22:31:35 [main] INFO  o.s.d.r.c.RepositoryConfigurationDelegate [] - Finished Spring Data repository scanning in 127 ms. Found 6 JPA repository interfaces.
2026-09-15 22:31:37 [main] INFO  com.zaxxer.hikari.HikariDataSource [] - HikariPool-1 - Starting...
2026-09-15 22:31:37 [main] INFO  com.zaxxer.hikari.pool.HikariPool [] - HikariPool-1 - Added connection org.postgresql.jdbc.PgConnection@7afe0e67
2026-09-15 22:31:37 [main] INFO  com.zaxxer.hikari.HikariDataSource [] - HikariPool-1 - Start completed.
2026-09-15 22:31:37 [main] WARN  org.hibernate.orm.deprecation [] - HHH90000025: PostgreSQLDialect does not need to be specified explicitly using 'hibernate.dialect' (remove the property setting and it will be selected by default)
2026-09-15 22:31:38 [main] INFO  o.s.o.j.p.SpringPersistenceUnitInfo [] - No LoadTimeWeaver setup: ignoring JPA class transformer
2026-09-15 22:31:39 [main] INFO  o.s.o.j.LocalContainerEntityManagerFactoryBean [] - Initialized JPA EntityManagerFactory for persistence unit 'default'
2026-09-15 22:31:41 [main] INFO  o.s.d.j.r.query.QueryEnhancerFactory [] - Hibernate is in classpath; If applicable, HQL parser will be used.
2026-09-15 22:31:43 [main] WARN  o.s.b.a.o.j.JpaBaseConfiguration$JpaWebConfiguration [] - spring.jpa.open-in-view is enabled by default. Therefore, database queries may be performed during view rendering. Explicitly configure spring.jpa.open-in-view to disable this warning
2026-09-15 22:31:44 [main] INFO  c.e.s.StudentApiApplicationTests [] - Started StudentApiApplicationTests in 11.545 seconds (process running for 13.083)
2026-09-15 22:31:45 [SpringApplicationShutdownHook] INFO  o.s.o.j.LocalContainerEntityManagerFactoryBean [] - Closing JPA EntityManagerFactory for persistence unit 'default'
2026-09-15 22:31:45 [SpringApplicationShutdownHook] INFO  com.zaxxer.hikari.HikariDataSource [] - HikariPool-1 - Shutdown initiated...
2026-09-15 22:31:45 [SpringApplicationShutdownHook] INFO  com.zaxxer.hikari.HikariDataSource [] - HikariPool-1 - Shutdown completed.
2026-09-15 22:35:09 [main] INFO  c.e.s.StudentApiApplication [] - Starting StudentApiApplication using Java 23.0.2 with PID 2440 (C:\Users\itsme\Downloads\student-api\student-api\target\classes started by itsme in C:\Users\itsme\Downloads\student-api\student-api)
2026-09-15 22:35:09 [main] INFO  c.e.s.StudentApiApplication [] - No active profile set, falling back to 1 default profile: "default"
2026-09-15 22:35:10 [main] INFO  o.s.d.r.c.RepositoryConfigurationDelegate [] - Bootstrapping Spring Data JPA repositories in DEFAULT mode.
2026-09-15 22:35:10 [main] INFO  o.s.d.r.c.RepositoryConfigurationDelegate [] - Finished Spring Data repository scanning in 70 ms. Found 6 JPA repository interfaces.
2026-09-15 22:35:10 [main] INFO  o.s.b.w.e.tomcat.TomcatWebServer [] - Tomcat initialized with port 8080 (http)
2026-09-15 22:35:10 [main] INFO  o.a.coyote.http11.Http11NioProtocol [] - Initializing ProtocolHandler ["http-nio-8080"]
2026-09-15 22:35:10 [main] INFO  o.a.catalina.core.StandardService [] - Starting service [Tomcat]
2026-09-15 22:35:10 [main] INFO  o.a.catalina.core.StandardEngine [] - Starting Servlet engine: [Apache Tomcat/10.1.20]
2026-09-15 22:35:10 [main] INFO  o.a.c.c.C.[Tomcat].[localhost].[/] [] - Initializing Spring embedded WebApplicationContext
2026-09-15 22:35:10 [main] INFO  o.s.b.w.s.c.ServletWebServerApplicationContext [] - Root WebApplicationContext: initialization completed in 1351 ms
2026-09-15 22:35:11 [main] INFO  com.zaxxer.hikari.HikariDataSource [] - HikariPool-1 - Starting...
2026-09-15 22:35:11 [main] INFO  com.zaxxer.hikari.pool.HikariPool [] - HikariPool-1 - Added connection org.postgresql.jdbc.PgConnection@3271ec2a
2026-09-15 22:35:11 [main] INFO  com.zaxxer.hikari.HikariDataSource [] - HikariPool-1 - Start completed.
2026-09-15 22:35:11 [main] WARN  org.hibernate.orm.deprecation [] - HHH90000025: PostgreSQLDialect does not need to be specified explicitly using 'hibernate.dialect' (remove the property setting and it will be selected by default)
2026-09-15 22:35:11 [main] INFO  o.s.o.j.p.SpringPersistenceUnitInfo [] - No LoadTimeWeaver setup: ignoring JPA class transformer
2026-09-15 22:35:12 [main] INFO  o.s.o.j.LocalContainerEntityManagerFactoryBean [] - Initialized JPA EntityManagerFactory for persistence unit 'default'
2026-09-15 22:35:13 [main] INFO  o.s.d.j.r.query.QueryEnhancerFactory [] - Hibernate is in classpath; If applicable, HQL parser will be used.
2026-09-15 22:35:13 [main] WARN  o.s.b.a.o.j.JpaBaseConfiguration$JpaWebConfiguration [] - spring.jpa.open-in-view is enabled by default. Therefore, database queries may be performed during view rendering. Explicitly configure spring.jpa.open-in-view to disable this warning
2026-09-15 22:35:14 [main] INFO  o.a.coyote.http11.Http11NioProtocol [] - Starting ProtocolHandler ["http-nio-8080"]
2026-09-15 22:35:14 [main] INFO  o.s.b.w.e.tomcat.TomcatWebServer [] - Tomcat started on port 8080 (http) with context path ''
2026-09-15 22:35:14 [main] INFO  c.e.s.StudentApiApplication [] - Started StudentApiApplication in 5.395 seconds (process running for 5.994)
2026-09-15 22:42:13 [SpringApplicationShutdownHook] INFO  o.s.o.j.LocalContainerEntityManagerFactoryBean [] - Closing JPA EntityManagerFactory for persistence unit 'default'
2026-09-15 22:42:13 [SpringApplicationShutdownHook] INFO  com.zaxxer.hikari.HikariDataSource [] - HikariPool-1 - Shutdown initiated...
2026-09-15 22:42:13 [SpringApplicationShutdownHook] INFO  com.zaxxer.hikari.HikariDataSource [] - HikariPool-1 - Shutdown completed.
