2026-09-17 00:09:54 [SpringApplicationShutdownHook] INFO  o.s.o.j.LocalContainerEntityManagerFactoryBean [] - Closing JPA EntityManagerFactory for persistence unit 'default'
2026-09-17 00:09:54 [SpringApplicationShutdownHook] INFO  com.zaxxer.hikari.HikariDataSource [] - HikariPool-1 - Shutdown initiated...
2026-09-17 00:09:54 [SpringApplicationShutdownHook] INFO  com.zaxxer.hikari.HikariDataSource [] - HikariPool-1 - Shutdown completed.
2026-09-17 21:47:10 [main] INFO  c.e.s.StudentApiApplicationTests [] - Starting StudentApiApplicationTests using Java 17.0.12 with PID 16272 (started by itsme in C:\Users\itsme\Downloads\student-api\student-api)
2026-09-17 21:47:10 [main] INFO  c.e.s.StudentApiApplicationTests [] - No active profile set, falling back to 1 default profile: "default"
2026-09-17 21:47:11 [main] INFO  o.s.d.r.c.RepositoryConfigurationDelegate [] - Bootstrapping Spring Data JPA repositories in DEFAULT mode.
2026-09-17 21:47:11 [main] INFO  o.s.d.r.c.RepositoryConfigurationDelegate [] - Finished Spring Data repository scanning in 105 ms. Found 6 JPA repository interfaces.
2026-09-17 21:47:12 [main] INFO  com.zaxxer.hikari.HikariDataSource [] - HikariPool-1 - Starting...
2026-09-17 21:47:13 [main] INFO  com.zaxxer.hikari.pool.HikariPool [] - HikariPool-1 - Added connection org.postgresql.jdbc.PgConnection@fe42a09
2026-09-17 21:47:13 [main] INFO  com.zaxxer.hikari.HikariDataSource [] - HikariPool-1 - Start completed.
2026-09-17 21:47:13 [main] WARN  org.hibernate.orm.deprecation [] - HHH90000025: PostgreSQLDialect does not need to be specified explicitly using 'hibernate.dialect' (remove the property setting and it will be selected by default)
2026-09-17 21:47:13 [main] INFO  o.s.o.j.p.SpringPersistenceUnitInfo [] - No LoadTimeWeaver setup: ignoring JPA class transformer
2026-09-17 21:47:15 [main] INFO  o.s.o.j.LocalContainerEntityManagerFactoryBean [] - Initialized JPA EntityManagerFactory for persistence unit 'default'
2026-09-17 21:47:15 [main] INFO  o.s.d.j.r.query.QueryEnhancerFactory [] - Hibernate is in classpath; If applicable, HQL parser will be used.
2026-09-17 21:47:16 [main] WARN  o.s.b.a.o.j.JpaBaseConfiguration$JpaWebConfiguration [] - spring.jpa.open-in-view is enabled by default. Therefore, database queries may be performed during view rendering. Explicitly configure spring.jpa.open-in-view to disable this warning
2026-09-17 21:47:17 [main] INFO  c.e.s.StudentApiApplicationTests [] - Started StudentApiApplicationTests in 8.048 seconds (process running for 9.328)
2026-09-17 21:47:18 [SpringApplicationShutdownHook] INFO  o.s.o.j.LocalContainerEntityManagerFactoryBean [] - Closing JPA EntityManagerFactory for persistence unit 'default'
2026-09-17 21:47:18 [SpringApplicationShutdownHook] INFO  com.zaxxer.hikari.HikariDataSource [] - HikariPool-1 - Shutdown initiated...
2026-09-17 21:47:18 [SpringApplicationShutdownHook] INFO  com.zaxxer.hikari.HikariDataSource [] - HikariPool-1 - Shutdown completed.
2026-09-17 21:47:56 [main] INFO  c.e.s.StudentApiApplication [] - Starting StudentApiApplication using Java 23.0.2 with PID 17864 (C:\Users\itsme\Downloads\student-api\student-api\target\classes started by itsme in C:\Users\itsme\Downloads\student-api\student-api)
2026-09-17 21:47:56 [main] INFO  c.e.s.StudentApiApplication [] - No active profile set, falling back to 1 default profile: "default"
2026-09-17 21:47:57 [main] INFO  o.s.d.r.c.RepositoryConfigurationDelegate [] - Bootstrapping Spring Data JPA repositories in DEFAULT mode.
2026-09-17 21:47:57 [main] INFO  o.s.d.r.c.RepositoryConfigurationDelegate [] - Finished Spring Data repository scanning in 80 ms. Found 6 JPA repository interfaces.
2026-09-17 21:47:57 [main] INFO  o.s.b.w.e.tomcat.TomcatWebServer [] - Tomcat initialized with port 8080 (http)
2026-09-17 21:47:57 [main] INFO  o.a.coyote.http11.Http11NioProtocol [] - Initializing ProtocolHandler ["http-nio-8080"]
2026-09-17 21:47:57 [main] INFO  o.a.catalina.core.StandardService [] - Starting service [Tomcat]
2026-09-17 21:47:57 [main] INFO  o.a.catalina.core.StandardEngine [] - Starting Servlet engine: [Apache Tomcat/10.1.20]
2026-09-17 21:47:57 [main] INFO  o.a.c.c.C.[Tomcat].[localhost].[/] [] - Initializing Spring embedded WebApplicationContext
2026-09-17 21:47:57 [main] INFO  o.s.b.w.s.c.ServletWebServerApplicationContext [] - Root WebApplicationContext: initialization completed in 1398 ms
2026-09-17 21:47:58 [main] INFO  com.zaxxer.hikari.HikariDataSource [] - HikariPool-1 - Starting...
2026-09-17 21:47:58 [main] INFO  com.zaxxer.hikari.pool.HikariPool [] - HikariPool-1 - Added connection org.postgresql.jdbc.PgConnection@4e3283f6
2026-09-17 21:47:58 [main] INFO  com.zaxxer.hikari.HikariDataSource [] - HikariPool-1 - Start completed.
2026-09-17 21:47:58 [main] WARN  org.hibernate.orm.deprecation [] - HHH90000025: PostgreSQLDialect does not need to be specified explicitly using 'hibernate.dialect' (remove the property setting and it will be selected by default)
2026-09-17 21:47:58 [main] INFO  o.s.o.j.p.SpringPersistenceUnitInfo [] - No LoadTimeWeaver setup: ignoring JPA class transformer
2026-09-17 21:47:59 [main] INFO  o.s.o.j.LocalContainerEntityManagerFactoryBean [] - Initialized JPA EntityManagerFactory for persistence unit 'default'
2026-09-17 21:48:00 [main] INFO  o.s.d.j.r.query.QueryEnhancerFactory [] - Hibernate is in classpath; If applicable, HQL parser will be used.
2026-09-17 21:48:00 [main] WARN  o.s.b.a.o.j.JpaBaseConfiguration$JpaWebConfiguration [] - spring.jpa.open-in-view is enabled by default. Therefore, database queries may be performed during view rendering. Explicitly configure spring.jpa.open-in-view to disable this warning
2026-09-17 21:48:01 [main] INFO  o.a.coyote.http11.Http11NioProtocol [] - Starting ProtocolHandler ["http-nio-8080"]
2026-09-17 21:48:01 [main] INFO  o.s.b.w.e.tomcat.TomcatWebServer [] - Tomcat started on port 8080 (http) with context path ''
2026-09-17 21:48:01 [main] INFO  c.e.s.StudentApiApplication [] - Started StudentApiApplication in 5.463 seconds (process running for 6.013)
2026-09-17 21:48:28 [http-nio-8080-exec-1] INFO  o.a.c.c.C.[Tomcat].[localhost].[/] [] - Initializing Spring DispatcherServlet 'dispatcherServlet'
2026-09-17 21:48:30 [http-nio-8080-exec-10] INFO  o.s.api.AbstractOpenApiResource [5b936d60] - Init duration for springdoc-openapi is: 1030 ms
2026-09-17 21:49:29 [http-nio-8080-exec-4] DEBUG org.hibernate.SQL [a0ea6852] - 
    select
        us1_0.id,
        us1_0.email,
        us1_0.name 
    from
        uni_student us1_0 
    where
        us1_0.id=?
2026-09-17 21:49:29 [http-nio-8080-exec-4] WARN  c.e.s.c.e.GlobalExceptionHandler [a0ea6852] - Resource not found: Student Not Found1
2026-09-17 21:58:53 [http-nio-8080-exec-8] DEBUG org.hibernate.SQL [0b61036f] - 
    select
        us1_0.id,
        us1_0.email,
        us1_0.name 
    from
        uni_student us1_0 
    where
        us1_0.id=?
2026-09-17 21:58:53 [http-nio-8080-exec-8] WARN  c.e.s.c.e.GlobalExceptionHandler [0b61036f] - Resource not found: Student Not Found4
2026-09-17 22:04:36 [SpringApplicationShutdownHook] INFO  o.s.o.j.LocalContainerEntityManagerFactoryBean [] - Closing JPA EntityManagerFactory for persistence unit 'default'
2026-09-17 22:04:36 [SpringApplicationShutdownHook] INFO  com.zaxxer.hikari.HikariDataSource [] - HikariPool-1 - Shutdown initiated...
2026-09-17 22:04:36 [SpringApplicationShutdownHook] INFO  com.zaxxer.hikari.HikariDataSource [] - HikariPool-1 - Shutdown completed.
2026-09-17 22:04:43 [main] INFO  c.e.s.StudentApiApplication [] - Starting StudentApiApplication using Java 23.0.2 with PID 4376 (C:\Users\itsme\Downloads\student-api\student-api\target\classes started by itsme in C:\Users\itsme\Downloads\student-api\student-api)
2026-09-17 22:04:43 [main] INFO  c.e.s.StudentApiApplication [] - No active profile set, falling back to 1 default profile: "default"
2026-09-17 22:04:44 [main] INFO  o.s.d.r.c.RepositoryConfigurationDelegate [] - Bootstrapping Spring Data JPA repositories in DEFAULT mode.
2026-09-17 22:04:45 [main] INFO  o.s.d.r.c.RepositoryConfigurationDelegate [] - Finished Spring Data repository scanning in 210 ms. Found 6 JPA repository interfaces.
2026-09-17 22:04:46 [main] INFO  o.s.b.w.e.tomcat.TomcatWebServer [] - Tomcat initialized with port 8080 (http)
2026-09-17 22:04:46 [main] INFO  o.a.coyote.http11.Http11NioProtocol [] - Initializing ProtocolHandler ["http-nio-8080"]
2026-09-17 22:04:46 [main] INFO  o.a.catalina.core.StandardService [] - Starting service [Tomcat]
2026-09-17 22:04:46 [main] INFO  o.a.catalina.core.StandardEngine [] - Starting Servlet engine: [Apache Tomcat/10.1.20]
2026-09-17 22:04:46 [main] INFO  o.a.c.c.C.[Tomcat].[localhost].[/] [] - Initializing Spring embedded WebApplicationContext
2026-09-17 22:04:46 [main] INFO  o.s.b.w.s.c.ServletWebServerApplicationContext [] - Root WebApplicationContext: initialization completed in 3118 ms
2026-09-17 22:04:47 [main] INFO  com.zaxxer.hikari.HikariDataSource [] - HikariPool-1 - Starting...
2026-09-17 22:04:47 [main] INFO  com.zaxxer.hikari.pool.HikariPool [] - HikariPool-1 - Added connection org.postgresql.jdbc.PgConnection@65d9e72a
2026-09-17 22:04:47 [main] INFO  com.zaxxer.hikari.HikariDataSource [] - HikariPool-1 - Start completed.
2026-09-17 22:04:47 [main] WARN  org.hibernate.orm.deprecation [] - HHH90000025: PostgreSQLDialect does not need to be specified explicitly using 'hibernate.dialect' (remove the property setting and it will be selected by default)
2026-09-17 22:04:48 [main] INFO  o.s.o.j.p.SpringPersistenceUnitInfo [] - No LoadTimeWeaver setup: ignoring JPA class transformer
2026-09-17 22:04:50 [main] INFO  o.s.o.j.LocalContainerEntityManagerFactoryBean [] - Initialized JPA EntityManagerFactory for persistence unit 'default'
2026-09-17 22:04:51 [main] INFO  o.s.d.j.r.query.QueryEnhancerFactory [] - Hibernate is in classpath; If applicable, HQL parser will be used.
2026-09-17 22:04:52 [main] WARN  o.s.b.a.o.j.JpaBaseConfiguration$JpaWebConfiguration [] - spring.jpa.open-in-view is enabled by default. Therefore, database queries may be performed during view rendering. Explicitly configure spring.jpa.open-in-view to disable this warning
2026-09-17 22:04:53 [main] INFO  o.a.coyote.http11.Http11NioProtocol [] - Starting ProtocolHandler ["http-nio-8080"]
2026-09-17 22:04:53 [main] INFO  o.s.b.w.e.tomcat.TomcatWebServer [] - Tomcat started on port 8080 (http) with context path ''
2026-09-17 22:04:53 [main] INFO  c.e.s.StudentApiApplication [] - Started StudentApiApplication in 11.336 seconds (process running for 12.129)
2026-09-17 22:08:02 [http-nio-8080-exec-1] INFO  o.a.c.c.C.[Tomcat].[localhost].[/] [] - Initializing Spring DispatcherServlet 'dispatcherServlet'
2026-09-17 22:08:02 [http-nio-8080-exec-1] WARN  o.s.w.s.r.ResourceHttpRequestHandler [9c69fee3] - "Path represents URL or has "url:" prefix: [http:/localhost:8080/api/enrollment]"
2026-09-17 22:08:02 [http-nio-8080-exec-1] WARN  c.e.s.c.e.GlobalExceptionHandler [9c69fee3] - Internal server error: No static resource http:/localhost:8080/api/enrollment.
2026-09-17 22:08:18 [http-nio-8080-exec-4] WARN  o.s.w.s.r.ResourceHttpRequestHandler [fdd81a65] - "Path represents URL or has "url:" prefix: [http:/localhost:8080/api/enrollment]"
2026-09-17 22:08:18 [http-nio-8080-exec-4] WARN  c.e.s.c.e.GlobalExceptionHandler [fdd81a65] - Internal server error: No static resource http:/localhost:8080/api/enrollment.
2026-09-17 22:08:25 [http-nio-8080-exec-6] WARN  o.s.w.s.r.ResourceHttpRequestHandler [f089b889] - "Path represents URL or has "url:" prefix: [http:/localhost:8080/api/enrollment]"
2026-09-17 22:08:25 [http-nio-8080-exec-6] WARN  c.e.s.c.e.GlobalExceptionHandler [f089b889] - Internal server error: No static resource http:/localhost:8080/api/enrollment.
2026-09-17 22:09:02 [http-nio-8080-exec-7] WARN  c.e.s.c.e.GlobalExceptionHandler [5fc73673] - Internal server error: Request method 'GET' is not supported
2026-09-17 22:09:29 [http-nio-8080-exec-9] WARN  c.e.s.c.e.GlobalExceptionHandler [6cc3621b] - Internal server error: Required request parameter 'universityStudentId' for method parameter type Long is not present
2026-09-17 22:09:59 [http-nio-8080-exec-10] DEBUG org.hibernate.SQL [f1551dfb] - 
    select
        us1_0.id,
        us1_0.email,
        us1_0.name 
    from
        uni_student us1_0 
    where
        us1_0.id=?
2026-09-17 22:09:59 [http-nio-8080-exec-10] WARN  c.e.s.c.e.GlobalExceptionHandler [f1551dfb] - Resource not found: Student Not Found4
